Jan-2021.csv: 379,384 rows, anomalies=[]
Feb-2021.csv: 350,170 rows, anomalies=[]
Mar-2021.csv: 467,126 rows, anomalies=[]
Apr-2021.csv: 473,936 rows, anomalies=[]
May-2021.csv: 520,059 rows, anomalies=[]
Jun-2021.csv: 573,779 rows, anomalies=[]
Jul-2021.csv: 615,703 rows, anomalies=[]
Aug-2021.csv: 611,494 rows, anomalies=[]
Sep-2021.csv: 567,916 rows, anomalies=[]
Oct-2021.csv: 595,373 rows, anomalies=[]
Nov-2021.csv: 576,693 rows, anomalies=[]
Dec-2021.csv: 580,238 rows, anomalies=[]
Jan-2022.csv: 563,737 rows, anomalies=[]
Feb-2022.csv: 519,952 rows, anomalies=[]
Mar-2022.csv: 590,542 rows, anomalies=[]
Apr-2022.csv: 580,290 rows, anomalies=[]
May-2022.csv: 602,950 rows, anomalies=[]
Jun-2022.csv: 602,057 rows, anomalies=[]
Jul-2022.csv: 618,790 rows, anomalies=[]
Aug-2022.csv: 613,649 rows, anomalies=[]
Sep-2022.csv: 580,391 rows, anomalies=[]
Oct-2022.csv: 595,322 rows, anomalies=[]
Nov-2022.csv: 567,507 rows, anomalies=[]
Dec-2022.csv: 578,321 rows, anomalies=[]
Jan-2023.csv: 573,877 rows, anomalies=[]
Feb-2023.csv: 536,229 rows, anomalies=["optional columns present: ['CANCELLATION_CODE']"]
Mar-2023.csv: 616,234 rows, anomalies=["optional columns present: ['CANCELLATION_CODE']"]
Apr-2023.csv: 596,676 rows, anomalies=["optional columns present: ['CANCELLATION_CODE']"]
May-2023.csv: 616,630 rows, anomalies=["optional columns present: ['CANCELLATION_CODE']"]
Jun-2023.csv: 613,577 rows, anomalies=["optional columns present: ['CANCELLATION_CODE']"]
Jul-2023.csv: 638,995 rows, anomalies=[]
Aug-2023.csv: 640,236 rows, anomalies=[]
Sep-2023.csv: 604,715 rows, anomalies=[]
Oct-2023.csv: 635,538 rows, anomalies=[]
Nov-2023.csv: 599,814 rows, anomalies=[]
Dec-2023.csv: 606,218 rows, anomalies=[]
Jan-2024.csv: 582,425 rows, anomalies=[]
Feb-2024.csv: 552,691 rows, anomalies=[]
Mar-2024.csv: 628,786 rows, anomalies=[]
Apr-2024.csv: 619,940 rows, anomalies=[]
May-2024.csv: 649,428 rows, anomalies=[]
Jun-2024.csv: 651,799 rows, anomalies=[]
Jul-2024.csv: 676,807 rows, anomalies=[]
Aug-2024.csv: 660,639 rows, anomalies=[]
Sep-2024.csv: 621,649 rows, anomalies=[]
Oct-2024.csv: 656,283 rows, anomalies=[]
Nov-2024.csv: 614,597 rows, anomalies=[]
Dec-2024.csv: 631,944 rows, anomalies=[]
Jan-2025.csv: 599,013 rows, anomalies=[]
Feb-2025.csv: 559,577 rows, anomalies=[]
Mar-2025.csv: 664,932 rows, anomalies=['blank first header cell mapped to YEAR (values verified)']
Apr-2025.csv: 644,084 rows, anomalies=[]
May-2025.csv: 667,586 rows, anomalies=[]
Jun-2025.csv: 674,179 rows, anomalies=[]
Jul-2025.csv: 696,049 rows, anomalies=[]
Aug-2025.csv: 666,242 rows, anomalies=[]
Sep-2025.csv: 621,601 rows, anomalies=[]
Oct-2025.csv: 668,332 rows, anomalies=[]
Nov-2025.csv: 630,188 rows, anomalies=["junk column 'S' (must be empty)"]
Dec-2025.csv: 644,987 rows, anomalies=[]
Jan-2026.csv: 602,953 rows, anomalies=[]
Feb-2026.csv: 568,789 rows, anomalies=[]
Mar-2026.csv: 675,500 rows, anomalies=[]
Apr-2026.csv: 660,674 rows, anomalies=[]
May-2026.csv: 677,208 rows, anomalies=[]
done: 65 files in 125s, peak RSS 1662 MB
